Cargado: 18+17+16, 3 tramos
h_col_default activo -> 0.30 m en todos los apoyos
Seccion: b=0.25m x h=0.55m
fc: 210.0 kg/cm2
Apoyos: [0.0, 5.73, 11.18, 13.93]
  T1: frame=18, L=5.730m
  T2: frame=17, L=5.450m
  T3: frame=16, L=2.750m

GA: pop=120, gen=120, chrom=360 genes, 18 zonas
Corrido simetrico: True

  Gen   1/120 | best=1971.16 | mean=71368.88 | HoF=220.57kg (18/18 OK) | sin mejora= 0 | 1.0s
  Gen   2/120 | best=385.32 | mean=51537.55 | HoF=242.51kg (18/18 OK) | sin mejora= 0 | 2.5s
  Gen   6/120 | best=271.68 | mean=52249.80 | HoF=241.51kg (18/18 OK) | sin mejora= 0 | 8.8s
  Gen  12/120 | best=271.68 | mean=54145.58 | HoF=241.51kg (18/18 OK) | sin mejora= 6 | 18.4s
  Gen  18/120 | best=271.68 | mean=48047.45 | HoF=241.51kg (18/18 OK) | sin mejora=12 | 27.8s
  Gen  24/120 | best=271.68 | mean=46930.79 | HoF=241.51kg (18/18 OK) | sin mejora=18 | 37.3s
  Gen  30/120 | best=271.68 | mean=46681.20 | HoF=241.51kg (18/18 OK) | sin mejora=24 | 46.8s
  [Reinicio #1] Gen 31 -- reemplazados 60 (48.3s)
  Gen  36/120 | best=271.68 | mean=51102.80 | HoF=241.51kg (18/18 OK) | sin mejora=30 | 56.2s
  Gen  42/120 | best=271.68 | mean=44608.95 | HoF=241.51kg (18/18 OK) | sin mejora=36 | 65.0s
  Gen  48/120 | best=271.68 | mean=53153.33 | HoF=241.51kg (18/18 OK) | sin mejora=42 | 74.1s
  Gen  54/120 | best=271.68 | mean=45644.71 | HoF=241.51kg (18/18 OK) | sin mejora=48 | 83.0s
  [Reinicio #2] Gen 56 -- reemplazados 60 (86.1s)
  Gen  60/120 | best=271.68 | mean=50977.13 | HoF=241.51kg (18/18 OK) | sin mejora=54 | 92.3s
  Gen  66/120 | best=271.68 | mean=47231.38 | HoF=241.51kg (18/18 OK) | sin mejora=60 | 101.5s
  [Early stop] Gen 66 -- sin mejora por 60 gens (101.5s)

============================================================
Generaciones: 66, tiempo: 101.5s

Rank 1: W=241.51kg, feasible=True, 18/18 zonas OK
  Corrido TOP: 2o1"  BOT: 2o1"

Rank 2: W=307.20kg, feasible=True, 18/18 zonas OK
  Corrido TOP: 2o1"+1o3/4"  BOT: 2o1"+1o3/4"

Rank 3: W=196.44kg, feasible=True, 18/18 zonas OK
  Corrido TOP: 1o1"+1o3/4"  BOT: 1o1"+1o3/4"
JSON exportado: C:\Users\EFRAIN\Documents\UNIVERSIDAD\UNI\TESIS\repositorio_tesis II\beam_drl\notebooks\output\semana12\baseline_beam_viga_3_tramos_s42.json
